[backblue.gif]
[fade.gif]
[index.html]
[iitk.ac.in/aero/templates/iit-kanpur/favicon.ico]
[iitk.ac.in/aero/indexc0d0.html]
[iitk.ac.in/aero/index7b17.html]
[iitk.ac.in/aero/component/search/indexf758.html]
[iitk.ac.in/aero/media/system/js/mootools-core.js]
[iitk.ac.in/aero/media/system/js/core.js]
[iitk.ac.in/aero/media/system/js/caption.js]
[iitk.ac.in/aero/media/jui/js/jquery.min.js]
[iitk.ac.in/aero/media/jui/js/jquery-noconflict.js]
[iitk.ac.in/aero/templates/iit-kanpur/js/jquery-3.4.1.js]
[iitk.ac.in/aero/templates/iit-kanpur/js/popper.min.js]
[iitk.ac.in/aero/templates/iit-kanpur/js/bootstrap.min.js]
[iitk.ac.in/aero/templates/iit-kanpur/js/datatables.min.js]
[iitk.ac.in/aero/templates/iit-kanpur/js/date-eu.js]
[iitk.ac.in/aero/templates/iit-kanpur/js/wow.js]
[iitk.ac.in/aero/templates/iit-kanpur/js/template.js]
[iitk.ac.in/aero/templates/iit-kanpur/js/custom.js]
[iitk.ac.in/aero/media/com_sliderck/assets/swiper.min.js]
[iitk.ac.in/aero/media/com_slideshowck/assets/jquery.easing.1.3.js]
[iitk.ac.in/aero/media/com_slideshowck/assets/camera.min.js]
[iitk.ac.in/aero/modules/mod_jux_megamenu/assets/js/headroom.js]
[iitk.ac.in/aero/modules/mod_jux_megamenu/assets/js/navAccordion.js]
[iitk.ac.in/aero/modules/mod_jux_megamenu/assets/js/jquery-ui.js]
[iitk.ac.in/aero/data/Department_ Committees-14-09-21.pdf]
[iitk.ac.in/aero/data/Course-Template-B.Tech-BS-AE-05-01-22.pdf]
[iitk.ac.in/aero/data/Time-Table-2022-23-1st-sem.pdf]
[iitk.ac.in/aero/data/Brochure_AE.pdf]
[iitk.ac.in/aero/modules/mod_sj_flat_menu/assets/images/icon_normal.png]
[iitk.ac.in/aero/modules/mod_sj_flat_menu/assets/images/icon_active.png]
[iitk.ac.in/aero/images/slider/helicopter.jpg]
[iitk.ac.in/aero/images/slider/3-laboratory.jpg]
[iitk.ac.in/aero/images/slider/computational-comb.jpg]
[iitk.ac.in/aero/images/slider/aeroacoustics-uav.jpg]
[iitk.ac.in/aero/images/slider/mat-research.jpg]
[iitk.ac.in/aero/images/slider/hovering-bird.jpg]
[iitk.ac.in/aero/images/slider/wind-fluid.jpg]
[iitk.ac.in/aero/images/faculty/abhijit-kushari2.jpg]
[iitk.ac.in/aero/data/MSR_Selected_Candidates_Round_3-14-07-22.pdf]
[iitk.ac.in/aero/data/MSR_Selected_Candidates_Round_2-04-07-22.pdf]
[iitk.ac.in/aero/data/PhD_Selected_Candidates-17-06-22.pdf]
[iitk.ac.in/aero/data/MSR_Selected_Candidates_Round_1-17-06-22.pdf]
[iitk.ac.in/aero/data/PhD_interview_list-24-05-22.pdf]
[iitk.ac.in/aero/data/MSR_interview_list-24-05-22.pdf]
[iitk.ac.in/aero/data/Admission_Notice_20_May_2022.pdf]
[iitk.ac.in/aero/data/PhD-17-05-22.pdf]
[iitk.ac.in/aero/data/MSR-17-05-22.8f.delayed]
[iitk.ac.in/aero/index.html]
[iitk.ac.in/aero/indexc374.html]
[iitk.ac.in/aero/templates/iit-kanpur/css/bootstrap.min.css]
[iitk.ac.in/aero/templates/iit-kanpur/css/font-awesome.min.css]
[iitk.ac.in/aero/templates/iit-kanpur/css/datatables.min.css]
[iitk.ac.in/aero/templates/iit-kanpur/css/template.css]
[iitk.ac.in/aero/templates/iit-kanpur/css/animate.css]
[iitk.ac.in/aero/modules/mod_je_social/css/style.css]
[iitk.ac.in/aero/media/com_sliderck/assets/swiper.css]
[iitk.ac.in/aero/modules/mod_jm_simple_tabs/assets/default.css]
[iitk.ac.in/aero/modules/mod_slideshowck/themes/default/css/camera.css]
[iitk.ac.in/aero/modules/mod_sj_flat_menu/assets/css/styles-responsive.css]
[iitk.ac.in/aero/modules/mod_sj_flat_menu/assets/css/styles.css]
[iitk.ac.in/aero/modules/mod_jux_megamenu/assets/css/style.css]
[iitk.ac.in/aero/modules/mod_jux_megamenu/assets/css/animate.css]
[iitk.ac.in/aero/modules/mod_jux_megamenu/assets/css/jux-font-awesome.css]
[iitk.ac.in/aero/modules/mod_jux_megamenu/assets/css/style/darkblue.css]
[iitk.ac.in/aero/modules/mod_jux_megamenu/assets/css/stylec/custom-87.css]
[iitk.ac.in/aero/undergraduate-program.html]
[iitk.ac.in/aero/postgraduate-program.html]
[iitk.ac.in/aero/m-tech-program.html]
[iitk.ac.in/aero/phd-program.html]
[iitk.ac.in/aero/contact-us.html]
[iitk.ac.in/aero/time-table-2018-19-1st.html]
[iitk.ac.in/aero/courses-offered-in-2017-18-1st-sem.html]
[iitk.ac.in/aero/time-table-2018-2019-2nd.html]
[iitk.ac.in/aero/courses-offered-in-2017-18-2nd-sem.html]
[iitk.ac.in/aero/minor.html]
[iitk.ac.in/aero/teaching-labs.html]
[iitk.ac.in/aero/faqs.html]
[iitk.ac.in/aero/society-of-aerospace-engineers-sae.html]
[iitk.ac.in/aero/summer-workshop.html]
[iitk.ac.in/aero/iit-kanpur-tamu-exchange-program.html]
[iitk.ac.in/aero/consultancy-projects.html]
[iitk.ac.in/aero/sponsored-projects.html]
[iitk.ac.in/aero/patents.html]
[iitk.ac.in/aero/aeromodeling-lab.html]
[iitk.ac.in/aero/autonomous-mini-helicopter-facility.html]
[iitk.ac.in/aero/flight-laboratory.html]
[iitk.ac.in/aero/high-speed-aerodynamics-lab.html]
[iitk.ac.in/aero/low-speed-aerodynamics-lab.html]
[iitk.ac.in/aero/propulsion-lab.html]
[iitk.ac.in/aero/about-us-sae.html]
[iitk.ac.in/aero/team-members.html]
